(Alexandra, Barros)
(André, Monteiro)
(Ana, Martins)
(Amanda, Santos)
(Anne, Hathaway)
(Angelina, Jolie)
(Amy, Adams)
(Alexandre, Rodrigues)
(Adriana, Lopes)
(Alberto, Pereira)
(Albert, Camus)
(Aldous, Huxley)
(Agatha, Christie)
(Bruno, Neves)
(Beatriz, Moreira)
(Brad, Pitt)
(Catarina, Castro)
(Carolina, Bastos)
(Carla, Lopes)
(Clara, Sousa)
(Camila, Ribeiro)
(Christian, Bale)
(Cristina, Sousa)
(Chris, Hemsworth)
(Carlos, Ramos)
(Chinua, Achebe)
(C.S., Lewis)
(Charles, Dickens)
(Clarice, Lispector)
(Daniel, Radcliffe)
(Daniela, Lima)
(Diana, Rocha)
(Denzel, Washington)
(Eduarda, Silva)
(Emma, Watson)
(Ernest, Hemingway)
(Edgar, Allan)
(Emily, Dickinson)
(Fábio, Matos)
(Francisco, Ferreira)
(Fabiana, Alves)
(Fyodor, Dostoevsky)
(Franz, Kafka)
(Fernando, Teixeira)
(Gonçalo, Cruz)
(Gustavo, Lima)
(George, Orwell)
(Gabriel, Marquez)
(Hugh, Jackman)
(Henrique, Coelho)
(Hugo, Vieira)
(Helena, Monteiro)
(Haruki, Murakami)
(Herman, Melville)
(Inês, Mendes)
(Isabel, Allende)
(Italo, Calvino)
(Joana, Almeida)
(João, Pinto)
(Joaquin, Phoenix)
(Johnny, Depp)
(Julia, Roberts)
(James, Joyce)
(J.R.R., Tolkien)
(J.K., Rowling)
(Jane, Austen)
(José, Martins)
(Jorge, Luis)
(Kate, Winslet)
(Leonor, Ferreira)
(Laura, Gomes)
(Luciana, Nogueira)
(Leonardo, DiCaprio)
(Liam, Nelson)
(Leo, Tolstoy)
(Luís, Carvalho)
(Marta, Ribeiro)
(Maria, Costa)
(Matt, Damon)
(Marco, Ferreira)
(Morgan, Freeman)
(Margot, Robbie)
(Meryl, Streep)
(Margarida, Maggie)
(Marcel, Proust)
(Mark, Twain)
(Miguel, Pires)
(Mariana, Amorim)
(Nicole, Kidman)
(Nicolas, Mendes)
(Natalie, Portman)
(Oscar, Wilde)
(Pedro, Santos)
(Patrícia, Silva)
(Paulo, Carvalho)
(Pablo, Neruda)
(Rachel, McAdams)
(Ryan, Gosling)
(Rodrigo, Azevedo)
(Raquel, Moura)
(Rui, Nogueira)
(Reese, Witherspoon)
(Ricardo, Oliveira)
(Rafael, Antunes)
(Renata, Teixeira)
(Robert, Downey)
(Sara, Marques)
(Sofia, Monteiro)
(Sandra, Bullock)
(Sérgio, Oliveira)
(Scarlett, Johansson)
(Simone, Oliveira)
(Stephen, King)
(Sophia, Andresen)
(Tomás, Barbosa)
(Tiago, Pereira)
(Tom, Hanks)
(Toni, Morrison)
(Victor, Hugo)
(Virginia, Woolf)
(Will, Smith)
(William, Faulkner)
(Zadie, Smith)
(Alexandra, Barros)
(André, Monteiro)
(Ana, Martins)
(Amanda, Santos)
(Anne, Hathaway)
(Angelina, Jolie)
(Amy, Adams)
(Alexandre, Rodrigues)
(Adriana, Lopes)
(Alberto, Pereira)
(Albert, Camus)
(Aldous, Huxley)
(Agatha, Christie)
(Bruno, Neves)
(Beatriz, Moreira)
(Brad, Pitt)
(Catarina, Castro)
(Carolina, Bastos)
(Carla, Lopes)
(Clara, Sousa)
(Camila, Ribeiro)
(Christian, Bale)
(Cristina, Sousa)
(Chris, Hemsworth)
(Carlos, Ramos)
(Chinua, Achebe)
(C.S., Lewis)
(Charles, Dickens)
(Clarice, Lispector)
(Daniel, Radcliffe)
(Daniela, Lima)
(Diana, Rocha)
(Denzel, Washington)
(Eduarda, Silva)
(Emma, Watson)
(Ernest, Hemingway)
(Edgar, Allan)
(Emily, Dickinson)
(Fábio, Matos)
(Francisco, Ferreira)
(Fabiana, Alves)
(Fyodor, Dostoevsky)
(Franz, Kafka)
(Fernando, Teixeira)
(Gonçalo, Cruz)
(Gustavo, Lima)
(George, Orwell)
(Gabriel, Marquez)
(Hugh, Jackman)
(Henrique, Coelho)
(Hugo, Vieira)
(Helena, Monteiro)
(Haruki, Murakami)
(Herman, Melville)
(Inês, Mendes)
(Isabel, Allende)
(Italo, Calvino)
(Joana, Almeida)
(João, Pinto)
(Joaquin, Phoenix)
(Johnny, Depp)
(Julia, Roberts)
(James, Joyce)
(J.R.R., Tolkien)
(J.K., Rowling)
(Jane, Austen)
(José, Martins)
(Jorge, Luis)
(Kate, Winslet)
(Leonor, Ferreira)
(Laura, Gomes)
(Luciana, Nogueira)
(Leonardo, DiCaprio)
(Liam, Nelson)
(Leo, Tolstoy)
(Luís, Carvalho)
(Marta, Ribeiro)
(Maria, Costa)
(Matt, Damon)
(Marco, Ferreira)
(Morgan, Freeman)
(Margot, Robbie)
(Meryl, Streep)
(Margarida, Maggie)
(Marcel, Proust)
(Mark, Twain)
(Miguel, Pires)
(Mariana, Amorim)
(Nicole, Kidman)
(Nicolas, Mendes)
(Natalie, Portman)
(Oscar, Wilde)
(Pedro, Santos)
(Patrícia, Silva)
(Paulo, Carvalho)
(Pablo, Neruda)
(Rachel, McAdams)
(Ryan, Gosling)
(Rodrigo, Azevedo)
(Raquel, Moura)
(Rui, Nogueira)
(Reese, Witherspoon)
(Ricardo, Oliveira)
(Rafael, Antunes)
(Renata, Teixeira)
(Robert, Downey)
(Sara, Marques)
(Sofia, Monteiro)
(Sandra, Bullock)
(Sérgio, Oliveira)
(Scarlett, Johansson)
(Simone, Oliveira)
(Stephen, King)
(Sophia, Andresen)
(Tomás, Barbosa)
(Tiago, Pereira)
(Tom, Hanks)
(Toni, Morrison)
(Victor, Hugo)
(Virginia, Woolf)
(Will, Smith)
(William, Faulkner)
(Zadie, Smith)
(Alexandra, Barros)
(André, Monteiro)
(Ana, Martins)
(Amanda, Santos)
(Anne, Hathaway)
(Angelina, Jolie)
(Amy, Adams)
(Alexandre, Rodrigues)
(Adriana, Lopes)
(Alberto, Pereira)
(Albert, Camus)
(Aldous, Huxley)
(Agatha, Christie)
(Bruno, Neves)
(Beatriz, Moreira)
(Brad, Pitt)
(Catarina, Castro)
(Carolina, Bastos)
(Carla, Lopes)
(Clara, Sousa)
(Camila, Ribeiro)
(Christian, Bale)
(Cristina, Sousa)
(Chris, Hemsworth)
(Carlos, Ramos)
(Chinua, Achebe)
(C.S., Lewis)
(Charles, Dickens)
(Clarice, Lispector)
(Daniel, Radcliffe)
(Daniela, Lima)
(Diana, Rocha)
(Denzel, Washington)
(Eduarda, Silva)
(Emma, Watson)
(Ernest, Hemingway)
(Edgar, Allan)
(Emily, Dickinson)
(Fábio, Matos)
(Francisco, Ferreira)
(Fabiana, Alves)
(Fyodor, Dostoevsky)
(Franz, Kafka)
(Fernando, Teixeira)
(Gonçalo, Cruz)
(Gustavo, Lima)
(George, Orwell)
(Gabriel, Marquez)
(Hugh, Jackman)
(Henrique, Coelho)
(Hugo, Vieira)
(Helena, Monteiro)
(Haruki, Murakami)
(Herman, Melville)
(Inês, Mendes)
(Isabel, Allende)
(Italo, Calvino)
(Joana, Almeida)
(João, Pinto)
(Joaquin, Phoenix)
(Johnny, Depp)
(Julia, Roberts)
(James, Joyce)
(J.R.R., Tolkien)
(J.K., Rowling)
(Jane, Austen)
(José, Martins)
(Jorge, Luis)
(Kate, Winslet)
(Leonor, Ferreira)
(Laura, Gomes)
(Luciana, Nogueira)
(Leonardo, DiCaprio)
(Liam, Nelson)
(Leo, Tolstoy)
(Luís, Carvalho)
(Marta, Ribeiro)
(Maria, Costa)
(Matt, Damon)
(Marco, Ferreira)
(Morgan, Freeman)
(Margot, Robbie)
(Meryl, Streep)
(Margarida, Maggie)
(Marcel, Proust)
(Mark, Twain)
(Miguel, Pires)
(Mariana, Amorim)
(Nicole, Kidman)
(Nicolas, Mendes)
(Natalie, Portman)
(Oscar, Wilde)
(Pedro, Santos)
(Patrícia, Silva)
(Paulo, Carvalho)
(Pablo, Neruda)
(Rachel, McAdams)
(Ryan, Gosling)
(Rodrigo, Azevedo)
(Raquel, Moura)
(Rui, Nogueira)
(Reese, Witherspoon)
(Ricardo, Oliveira)
(Rafael, Antunes)
(Renata, Teixeira)
(Robert, Downey)
(Sara, Marques)
(Sofia, Monteiro)
(Sandra, Bullock)
(Sérgio, Oliveira)
(Scarlett, Johansson)
(Simone, Oliveira)
(Stephen, King)
(Sophia, Andresen)
(Tomás, Barbosa)
(Tiago, Pereira)
(Tom, Hanks)
(Toni, Morrison)
(Victor, Hugo)
(Virginia, Woolf)
(Will, Smith)
(William, Faulkner)
(Zadie, Smith)
