Available commands:
  WRITE [(key,value)(key2,value2),...]
  READ [key,key2,...]
  DELETE [key,key2,...]
  SHOW
  WAIT <delay_ms>
  BACKUP
  HELP
(Anderson,Moura)
(Alexandra,Barros)
(André,Monteiro)
(Amanda,Santos)
(Alexandre,Rodrigues)
(Ana,Martins)
(Adriana,Lopes)
(Alberto,Pereira)
(Bruno,Neves)
(Beatriz,Moreira)
(Catarina,Castro)
(Carolina,Bastos)
(Cláudia,Barbosa)
(Carla,Lopes)
(Camila,Ribeiro)
(Clara,Sousa)
(Cristina,Sousa)
(Carlos,Ramos)
(Daniela,Lima)
(Douglas,Ramos)
(Diego,Marques)
(Diana,Rocha)
(Eduarda,Silva)
(Fábio,Matos)
(Francisco,Ferreira)
(Fernando,Teixeira)
(Fabiana,Alves)
(Gisele,Ferreira)
(Gonçalo,Cruz)
(Gustavo,Lima)
(Henrique,Coelho)
(Hugo,Vieira)
(Helena,Monteiro)
(Inês,Mendes)
(Joana,Almeida)
(Júnior,Bastos)
(José,Martins)
(Juliano,Rocha)
(Jéssica,Costa)
(João,Pinto)
(Kelly,Neves)
(Leonor,Ferreira)
(Laura,Gomes)
(Larissa,Amorim)
(Luciana,Nogueira)
(Luís,Carvalho)
(Márcio,Coelho)
(Miguel,Pires)
(Marta,Ribeiro)
(Marco,Ferreira)
(Margarida,Maggie)
(Mariana,Matos)
(Maria,Costa)
(Nicolas,Mendes)
(Patrícia,Silva)
(Pedro,Santos)
(Paulo,Carvalho)
(Raquel,Moura)
(Rodrigo,Azevedo)
(Rogério,Lima)
(Rui,Nogueira)
(Rafael,Antunes)
(Renata,Teixeira)
(Ricardo,Mendes)
(Sara,Marques)
(Sofia,Monteiro)
(Sérgio,Oliveira)
(Tomás,Barbosa)
(Tatiana,Vieira)
(Tiago,Pereira)
(Viviane,Lima)
(Anderson,Moura)
(Alexandra,Barros)
(André,Monteiro)
(Amanda,Santos)
(Alexandre,Rodrigues)
(Ana,Martins)
(Adriana,Lopes)
(Alberto,Pereira)
(Bruno,Neves)
(Beatriz,Moreira)
(Catarina,Castro)
(Carolina,Bastos)
(Cláudia,Barbosa)
(Carla,Lopes)
(Camila,Ribeiro)
(Clara,Sousa)
(Cristina,Sousa)
(Carlos,Ramos)
(Daniela,Lima)
(Douglas,Ramos)
(Diego,Marques)
(Diana,Rocha)
(Eduarda,Silva)
(Fábio,Matos)
(Francisco,Ferreira)
(Fernando,Pessoa)
(Fabiana,Alves)
(Gisele,Ferreira)
(Gonçalo,Cruz)
(Gustavo,Lima)
(Henrique,Coelho)
(Hugo,Vieira)
(Helena,Monteiro)
(Inês,Mendes)
(Joana,Almeida)
(Júnior,Bastos)
(José,Martins)
(Juliano,Rocha)
(Jéssica,Costa)
(João,Pinto)
(Kelly,Neves)
(Liam,Nelson)
(Leonor,Ferreira)
(Laura,Gomes)
(Larissa,Amorim)
(Luciana,Nogueira)
(Luís,Carvalho)
(Márcio,Coelho)
(Miguel,Pires)
(Marta,Ribeiro)
(Marco,Ferreira)
(Margarida,Maggie)
(Mariana,Mari)
(Maria,Costa)
(Nicolas,Mendes)
(Patrícia,Silva)
(Pedro,Santos)
(Paulo,Carvalho)
(Raquel,Moura)
(Rodrigo,Azevedo)
(Rogério,Lima)
(Rui,Nogueira)
(Rafael,Antunes)
(Renata,Teixeira)
(Ricardo,Mendes)
(Sophia,Andresen)
(Sara,Marques)
(Sofia,Monteiro)
(Sérgio,Oliveira)
(Tomás,Barbosa)
(Tatiana,Vieira)
(Tiago,Pereira)
(Viviane,Lima)
