(Albert, Camus)
(Amber, Momoa)
(Aldous, Huxley)
(Agatha, Christie)
(Anne, Freeman)
(Angelina, Pitt)
(Anderson, Moura)
(Amy, Bale)
(Alexandra, Barros)
(André, Monteiro)
(Amanda, Santos)
(Ana, Martins)
(Alexandre, Sousa)
(Adriana, Alves)
(Alberto, Mendes)
(Ben, Affleck)
(Bruno, Lima)
(Beatriz, Moreira)
(Brad, Jolie)
(Chinua, Morrison)
(Catarina, Matos)
(C.S., Lewis)
(Chadwick, Boseman)
(Carrie, Reeves)
(Charles, Allan)
(Carolina, Barbosa)
(Cláudia, Castro)
(Christian, Adams)
(Clarice, Marquez)
(Carla, Nogueira)
(Clara, Sousa)
(Chris, Hemsworth)
(Camila, Martins)
(Cristina, Rodrigues)
(Carlos, Ramos)
(Daniela, Neves)
(Daniel, Radcliffe)
(Douglas, Ramos)
(Diego, Vieira)
(Denzel, Washington)
(Diana, Pereira)
(Ernest, Joyce)
(Edgar, Dickens)
(Emily, Wilde)
(Eduarda, Silva)
(Emma, Watson)
(Fyodor, Dostoevsky)
(Francisco, Ferreira)
(Franz, Tolstoy)
(Fábio, Castro)
(Fernando, Teixeira)
(Fabiana, Lopes)
(Gal, Gadot)
(George, King)
(Gisele, Ferreira)
(Gabriel, Lispector)
(Gonçalo, Cruz)
(Gustavo, Vinícius)
(Henrique, Ferreira)
(Hugh, Jackman)
(Haruki, Murakami)
(Herman, Twain)
(Hugo, Moura)
(Helena, Depp)
(Isabel, Allende)
(Italo, Calvino)
(Inês, Mendes)
(Jason, Heard)
(James, Hemingway)
(J.R.R., Tolkien)
(J.K., Rowling)
(Jane, Proust)
(Joana, Almeida)
(Joaquin, Phoenix)
(Júnior, Gomes)
(Johnny, Bonham)
(José, Amorim)
(Juliano, Rocha)
(Julia, Hanks)
(Jéssica, Costa)
(Jorge, Andresen)
(João, Pinto)
(Keanu, Moss)
(Kelly, Neves)
(Kate, DiCaprio)
(Lupita, Nyong)
(Leonor, Coelho)
(Laura, Gomes)
(Leo, Kafka)
(Larissa, Pinto)
(Leonardo, Winslet)
(Luís, Carvalho)
(Luciana, Nogueira)
(Liam, Stone)
(Marcel, Austen)
(Mark, Melville)
(Matt, Damon)
(Morgan, Hathaway)
(Márcio, Coelho)
(Margot, Smith)
(Meryl, Streep)
(Miguel, Monteiro)
(Marta, Santos)
(Maria, Costa)
(Mariana, Matos)
(Margarida, Mari)
(Marco, Ferreira)
(Nicole, Kidman)
(Natalie, Downey)
(Nicolas, Pereira)
(Oscar, Dickinson)
(Pablo, Neruda)
(Pedro, Ribeiro)
(Patrícia, Silva)
(Paulo, Carvalho)
(Ryan, McAdams)
(Rachel, Gosling)
(Reese, Witherspoon)
(Raquel, Vieira)
(Rodrigo, Azevedo)
(Rui, Lopes)
(Robert, Portman)
(Rogério, Lima)
(Ricardo, Mendes)
(Rafael, Antunes)
(Renata, Teixeira)
(Simone, Oliveira)
(Stephen, Orwell)
(Sandra, Bullock)
(Sara, Marques)
(Sofia, Pires)
(Sophia, Luis)
(Scarlett, Johansson)
(Sérgio, Oliveira)
(Toni, Achebe)
(Tomás, Bastos)
(Tatiana, Marques)
(Tom, Roberts)
(Tiago, Rocha)
(Victor, Hugo)
(Virginia, Woolf)
(Viviane, Lima)
(William, Faulkner)
(Will, Robbie)
(Zadie, Smith)
(Albert, Camus)
(Amber, Momoa)
(Aldous, Huxley)
(Agatha, Christie)
(Anne, Freeman)
(Angelina, Pitt)
(Anderson, Moura)
(Amy, Bale)
(Alexandra, Barros)
(André, Monteiro)
(Amanda, Santos)
(Ana, Martins)
(Alexandre, Sousa)
(Adriana, Alves)
(Alberto, Mendes)
(Ben, Affleck)
(Bruno, Lima)
(Beatriz, Moreira)
(Brad, Jolie)
(Chinua, Morrison)
(Catarina, Matos)
(C.S., Lewis)
(Chadwick, Boseman)
(Carrie, Reeves)
(Charles, Allan)
(Carolina, Barbosa)
(Cláudia, Castro)
(Christian, Adams)
(Clarice, Marquez)
(Carla, Nogueira)
(Clara, Sousa)
(Chris, Hemsworth)
(Camila, Martins)
(Cristina, Rodrigues)
(Carlos, Ramos)
(Daniela, Neves)
(Daniel, Radcliffe)
(Douglas, Ramos)
(Diego, Vieira)
(Denzel, Washington)
(Diana, Pereira)
(Ernest, Joyce)
(Edgar, Dickens)
(Emily, Wilde)
(Eduarda, Silva)
(Emma, Watson)
(Fyodor, Dostoevsky)
(Francisco, Ferreira)
(Franz, Tolstoy)
(Fábio, Castro)
(Fernando, Teixeira)
(Fabiana, Lopes)
(Gal, Gadot)
(George, King)
(Gisele, Ferreira)
(Gabriel, Lispector)
(Gonçalo, Cruz)
(Gustavo, Vinícius)
(Henrique, Ferreira)
(Hugh, Jackman)
(Haruki, Murakami)
(Herman, Twain)
(Hugo, Moura)
(Helena, Depp)
(Isabel, Allende)
(Italo, Calvino)
(Inês, Mendes)
(Jason, Heard)
(James, Hemingway)
(J.R.R., Tolkien)
(J.K., Rowling)
(Jane, Proust)
(Joana, Almeida)
(Joaquin, Phoenix)
(Júnior, Gomes)
(Johnny, Bonham)
(José, Amorim)
(Juliano, Rocha)
(Julia, Hanks)
(Jéssica, Costa)
(Jorge, Andresen)
(João, Pinto)
(Keanu, Moss)
(Kelly, Neves)
(Kate, DiCaprio)
(Lupita, Nyong)
(Leonor, Coelho)
(Laura, Gomes)
(Leo, Kafka)
(Larissa, Pinto)
(Leonardo, Winslet)
(Luís, Carvalho)
(Luciana, Nogueira)
(Liam, Stone)
(Marcel, Austen)
(Mark, Melville)
(Matt, Damon)
(Morgan, Hathaway)
(Márcio, Coelho)
(Margot, Smith)
(Meryl, Streep)
(Miguel, Monteiro)
(Marta, Santos)
(Maria, Costa)
(Mariana, Matos)
(Margarida, Mari)
(Marco, Ferreira)
(Nicole, Kidman)
(Natalie, Downey)
(Nicolas, Pereira)
(Oscar, Dickinson)
(Pablo, Neruda)
(Pedro, Ribeiro)
(Patrícia, Silva)
(Paulo, Carvalho)
(Ryan, McAdams)
(Rachel, Gosling)
(Reese, Witherspoon)
(Raquel, Vieira)
(Rodrigo, Azevedo)
(Rui, Lopes)
(Robert, Portman)
(Rogério, Lima)
(Ricardo, Mendes)
(Rafael, Antunes)
(Renata, Teixeira)
(Simone, Oliveira)
(Stephen, Orwell)
(Sandra, Bullock)
(Sara, Marques)
(Sofia, Pires)
(Sophia, Luis)
(Scarlett, Johansson)
(Sérgio, Oliveira)
(Toni, Achebe)
(Tomás, Bastos)
(Tatiana, Marques)
(Tom, Roberts)
(Tiago, Rocha)
(Victor, Hugo)
(Virginia, Woolf)
(Viviane, Lima)
(William, Faulkner)
(Will, Robbie)
(Zadie, Smith)
(Albert, Camus)
(Amber, Momoa)
(Aldous, Huxley)
(Agatha, Christie)
(Anne, Freeman)
(Angelina, Pitt)
(Anderson, Moura)
(Amy, Bale)
(Alexandra, Barros)
(André, Monteiro)
(Amanda, Santos)
(Ana, Martins)
(Alexandre, Sousa)
(Adriana, Alves)
(Alberto, Mendes)
(Ben, Affleck)
(Bruno, Lima)
(Beatriz, Moreira)
(Brad, Jolie)
(Chinua, Morrison)
(Catarina, Matos)
(C.S., Lewis)
(Chadwick, Boseman)
(Carrie, Reeves)
(Charles, Allan)
(Carolina, Barbosa)
(Cláudia, Castro)
(Christian, Adams)
(Clarice, Marquez)
(Carla, Nogueira)
(Clara, Sousa)
(Chris, Hemsworth)
(Camila, Martins)
(Cristina, Rodrigues)
(Carlos, Ramos)
(Daniela, Neves)
(Daniel, Radcliffe)
(Douglas, Ramos)
(Diego, Vieira)
(Denzel, Washington)
(Diana, Pereira)
(Ernest, Joyce)
(Edgar, Dickens)
(Emily, Wilde)
(Eduarda, Silva)
(Emma, Watson)
(Fyodor, Dostoevsky)
(Francisco, Ferreira)
(Franz, Tolstoy)
(Fábio, Castro)
(Fernando, Teixeira)
(Fabiana, Lopes)
(Gal, Gadot)
(George, King)
(Gisele, Ferreira)
(Gabriel, Lispector)
(Gonçalo, Cruz)
(Gustavo, Vinícius)
(Henrique, Ferreira)
(Hugh, Jackman)
(Haruki, Murakami)
(Herman, Twain)
(Hugo, Moura)
(Helena, Depp)
(Isabel, Allende)
(Italo, Calvino)
(Inês, Mendes)
(Jason, Heard)
(James, Hemingway)
(J.R.R., Tolkien)
(J.K., Rowling)
(Jane, Proust)
(Joana, Almeida)
(Joaquin, Phoenix)
(Júnior, Gomes)
(Johnny, Bonham)
(José, Amorim)
(Juliano, Rocha)
(Julia, Hanks)
(Jéssica, Costa)
(Jorge, Andresen)
(João, Pinto)
(Keanu, Moss)
(Kelly, Neves)
(Kate, DiCaprio)
(Lupita, Nyong)
(Leonor, Coelho)
(Laura, Gomes)
(Leo, Kafka)
(Larissa, Pinto)
(Leonardo, Winslet)
(Luís, Carvalho)
(Luciana, Nogueira)
(Liam, Stone)
(Marcel, Austen)
(Mark, Melville)
(Matt, Damon)
(Morgan, Hathaway)
(Márcio, Coelho)
(Margot, Smith)
(Meryl, Streep)
(Miguel, Monteiro)
(Marta, Santos)
(Maria, Costa)
(Mariana, Matos)
(Margarida, Mari)
(Marco, Ferreira)
(Nicole, Kidman)
(Natalie, Downey)
(Nicolas, Pereira)
(Oscar, Dickinson)
(Pablo, Neruda)
(Pedro, Ribeiro)
(Patrícia, Silva)
(Paulo, Carvalho)
(Ryan, McAdams)
(Rachel, Gosling)
(Reese, Witherspoon)
(Raquel, Vieira)
(Rodrigo, Azevedo)
(Rui, Lopes)
(Robert, Portman)
(Rogério, Lima)
(Ricardo, Mendes)
(Rafael, Antunes)
(Renata, Teixeira)
(Simone, Oliveira)
(Stephen, Orwell)
(Sandra, Bullock)
(Sara, Marques)
(Sofia, Pires)
(Sophia, Luis)
(Scarlett, Johansson)
(Sérgio, Oliveira)
(Toni, Achebe)
(Tomás, Bastos)
(Tatiana, Marques)
(Tom, Roberts)
(Tiago, Rocha)
(Victor, Hugo)
(Virginia, Woolf)
(Viviane, Lima)
(William, Faulkner)
(Will, Robbie)
(Zadie, Smith)
(Albert, Camus)
(Amber, Momoa)
(Aldous, Huxley)
(Agatha, Christie)
(Anne, Freeman)
(Angelina, Pitt)
(Anderson, Moura)
(Amy, Bale)
(Alexandra, Barros)
(André, Monteiro)
(Amanda, Santos)
(Ana, Martins)
(Alexandre, Sousa)
(Adriana, Alves)
(Alberto, Mendes)
(Ben, Affleck)
(Bruno, Lima)
(Beatriz, Moreira)
(Brad, Jolie)
(Chinua, Morrison)
(Catarina, Matos)
(C.S., Lewis)
(Chadwick, Boseman)
(Carrie, Reeves)
(Charles, Allan)
(Carolina, Barbosa)
(Cláudia, Castro)
(Christian, Adams)
(Clarice, Marquez)
(Carla, Nogueira)
(Clara, Sousa)
(Chris, Hemsworth)
(Camila, Martins)
(Cristina, Rodrigues)
(Carlos, Ramos)
(Daniela, Neves)
(Daniel, Radcliffe)
(Douglas, Ramos)
(Diego, Vieira)
(Denzel, Washington)
(Diana, Pereira)
(Ernest, Joyce)
(Edgar, Dickens)
(Emily, Wilde)
(Eduarda, Silva)
(Emma, Watson)
(Fyodor, Dostoevsky)
(Francisco, Ferreira)
(Franz, Tolstoy)
(Fábio, Castro)
(Fernando, Teixeira)
(Fabiana, Lopes)
(Gal, Gadot)
(George, King)
(Gisele, Ferreira)
(Gabriel, Lispector)
(Gonçalo, Cruz)
(Gustavo, Vinícius)
(Henrique, Ferreira)
(Hugh, Jackman)
(Haruki, Murakami)
(Herman, Twain)
(Hugo, Moura)
(Helena, Depp)
(Isabel, Allende)
(Italo, Calvino)
(Inês, Mendes)
(Jason, Heard)
(James, Hemingway)
(J.R.R., Tolkien)
(J.K., Rowling)
(Jane, Proust)
(Joana, Almeida)
(Joaquin, Phoenix)
(Júnior, Gomes)
(Johnny, Bonham)
(José, Amorim)
(Juliano, Rocha)
(Julia, Hanks)
(Jéssica, Costa)
(Jorge, Andresen)
(João, Pinto)
(Keanu, Moss)
(Kelly, Neves)
(Kate, DiCaprio)
(Lupita, Nyong)
(Leonor, Coelho)
(Laura, Gomes)
(Leo, Kafka)
(Larissa, Pinto)
(Leonardo, Winslet)
(Luís, Carvalho)
(Luciana, Nogueira)
(Liam, Stone)
(Marcel, Austen)
(Mark, Melville)
(Matt, Damon)
(Morgan, Hathaway)
(Márcio, Coelho)
(Margot, Smith)
(Meryl, Streep)
(Miguel, Monteiro)
(Marta, Santos)
(Maria, Costa)
(Mariana, Matos)
(Margarida, Mari)
(Marco, Ferreira)
(Nicole, Kidman)
(Natalie, Downey)
(Nicolas, Pereira)
(Oscar, Dickinson)
(Pablo, Neruda)
(Pedro, Ribeiro)
(Patrícia, Silva)
(Paulo, Carvalho)
(Ryan, McAdams)
(Rachel, Gosling)
(Reese, Witherspoon)
(Raquel, Vieira)
(Rodrigo, Azevedo)
(Rui, Lopes)
(Robert, Portman)
(Rogério, Lima)
(Ricardo, Mendes)
(Rafael, Antunes)
(Renata, Teixeira)
(Simone, Oliveira)
(Stephen, Orwell)
(Sandra, Bullock)
(Sara, Marques)
(Sofia, Pires)
(Sophia, Luis)
(Scarlett, Johansson)
(Sérgio, Oliveira)
(Toni, Achebe)
(Tomás, Bastos)
(Tatiana, Marques)
(Tom, Roberts)
(Tiago, Rocha)
(Victor, Hugo)
(Virginia, Woolf)
(Viviane, Lima)
(William, Faulkner)
(Will, Robbie)
(Zadie, Smith)
(Albert, Camus)
(Amber, Momoa)
(Aldous, Huxley)
(Agatha, Christie)
(Anne, Freeman)
(Angelina, Pitt)
(Anderson, Moura)
(Amy, Bale)
(Alexandra, Barros)
(André, Monteiro)
(Amanda, Santos)
(Ana, Martins)
(Alexandre, Sousa)
(Adriana, Alves)
(Alberto, Mendes)
(Ben, Affleck)
(Bruno, Lima)
(Beatriz, Moreira)
(Brad, Jolie)
(Chinua, Morrison)
(Catarina, Matos)
(C.S., Lewis)
(Chadwick, Boseman)
(Carrie, Reeves)
(Charles, Allan)
(Carolina, Barbosa)
(Cláudia, Castro)
(Christian, Adams)
(Clarice, Marquez)
(Carla, Nogueira)
(Clara, Sousa)
(Chris, Hemsworth)
(Camila, Martins)
(Cristina, Rodrigues)
(Carlos, Ramos)
(Daniela, Neves)
(Daniel, Radcliffe)
(Douglas, Ramos)
(Diego, Vieira)
(Denzel, Washington)
(Diana, Pereira)
(Ernest, Joyce)
(Edgar, Dickens)
(Emily, Wilde)
(Eduarda, Silva)
(Emma, Watson)
(Fyodor, Dostoevsky)
(Francisco, Ferreira)
(Franz, Tolstoy)
(Fábio, Castro)
(Fernando, Teixeira)
(Fabiana, Lopes)
(Gal, Gadot)
(George, King)
(Gisele, Ferreira)
(Gabriel, Lispector)
(Gonçalo, Cruz)
(Gustavo, Vinícius)
(Henrique, Ferreira)
(Hugh, Jackman)
(Haruki, Murakami)
(Herman, Twain)
(Hugo, Moura)
(Helena, Depp)
(Isabel, Allende)
(Italo, Calvino)
(Inês, Mendes)
(Jason, Heard)
(James, Hemingway)
(J.R.R., Tolkien)
(J.K., Rowling)
(Jane, Proust)
(Joana, Almeida)
(Joaquin, Phoenix)
(Júnior, Gomes)
(Johnny, Bonham)
(José, Amorim)
(Juliano, Rocha)
(Julia, Hanks)
(Jéssica, Costa)
(Jorge, Andresen)
(João, Pinto)
(Keanu, Moss)
(Kelly, Neves)
(Kate, DiCaprio)
(Lupita, Nyong)
(Leonor, Coelho)
(Laura, Gomes)
(Leo, Kafka)
(Larissa, Pinto)
(Leonardo, Winslet)
(Luís, Carvalho)
(Luciana, Nogueira)
(Liam, Stone)
(Marcel, Austen)
(Mark, Melville)
(Matt, Damon)
(Morgan, Hathaway)
(Márcio, Coelho)
(Margot, Smith)
(Meryl, Streep)
(Miguel, Monteiro)
(Marta, Santos)
(Maria, Costa)
(Mariana, Matos)
(Margarida, Mari)
(Marco, Ferreira)
(Nicole, Kidman)
(Natalie, Downey)
(Nicolas, Pereira)
(Oscar, Dickinson)
(Pablo, Neruda)
(Pedro, Ribeiro)
(Patrícia, Silva)
(Paulo, Carvalho)
(Ryan, McAdams)
(Rachel, Gosling)
(Reese, Witherspoon)
(Raquel, Vieira)
(Rodrigo, Azevedo)
(Rui, Lopes)
(Robert, Portman)
(Rogério, Lima)
(Ricardo, Mendes)
(Rafael, Antunes)
(Renata, Teixeira)
(Simone, Oliveira)
(Stephen, Orwell)
(Sandra, Bullock)
(Sara, Marques)
(Sofia, Pires)
(Sophia, Luis)
(Scarlett, Johansson)
(Sérgio, Oliveira)
(Toni, Achebe)
(Tomás, Bastos)
(Tatiana, Marques)
(Tom, Roberts)
(Tiago, Rocha)
(Victor, Hugo)
(Virginia, Woolf)
(Viviane, Lima)
(William, Faulkner)
(Will, Robbie)
(Zadie, Smith)
